time="2026-03-11T10:36:56Z" level=warning msg="/var/app/current/docker-compose.yml: the attribute `version` is obsolete, it will be ignored, please remove it to avoid potential confusion"
nginx-1  | /docker-entrypoint.sh: /docker-entrypoint.d/ is not empty, will attempt to perform configuration
nginx-1  | /docker-entrypoint.sh: Looking for shell scripts in /docker-entrypoint.d/
nginx-1  | /docker-entrypoint.sh: Launching /docker-entrypoint.d/10-listen-on-ipv6-by-default.sh
nginx-1  | 10-listen-on-ipv6-by-default.sh: info: Getting the checksum of /etc/nginx/conf.d/default.conf
nginx-1  | 10-listen-on-ipv6-by-default.sh: info: Enabled listen on IPv6 in /etc/nginx/conf.d/default.conf
nginx-1  | /docker-entrypoint.sh: Sourcing /docker-entrypoint.d/15-local-resolvers.envsh
nginx-1  | /docker-entrypoint.sh: Launching /docker-entrypoint.d/20-envsubst-on-templates.sh
nginx-1  | /docker-entrypoint.sh: Launching /docker-entrypoint.d/30-tune-worker-processes.sh
nginx-1  | /docker-entrypoint.sh: Configuration complete; ready for start up
web-1    | 
web-1    | > iaos-connect@0.1.0 start /app
web-1    | > next start
web-1    | 
minio-1  | INFO: Formatting 1st pool, 1 set(s), 1 drives per set.
minio-1  | INFO: WARNING: Host local has more than 0 drives of set. A host failure will result in data becoming unavailable.
minio-1  | MinIO Object Storage Server
minio-1  | Copyright: 2015-2026 MinIO, Inc.
minio-1  | License: GNU AGPLv3 - https://www.gnu.org/licenses/agpl-3.0.html
minio-1  | Version: RELEASE.2025-09-07T16-13-09Z (go1.24.6 linux/amd64)
minio-1  | 
minio-1  | API: http://172.18.0.3:9000  http://127.0.0.1:9000 
minio-1  | WebUI: http://172.18.0.3:9001 http://127.0.0.1:9001 
minio-1  | 
minio-1  | Docs: https://docs.min.io
minio-1  | WARN: Detected default credentials 'minioadmin:minioadmin', we recommend that you change these values with 'MINIO_ROOT_USER' and 'MINIO_ROOT_PASSWORD' environment variables
web-1    | ▲ Next.js 16.1.6
web-1    | - Local:         http://localhost:3000
web-1    | - Network:       http://172.18.0.2:3000
web-1    | 
web-1    | ✓ Starting...
web-1    | ✓ Ready in 1670ms
web-1    | [31m[auth][error][0m UntrustedHost: Host must be trusted. URL was: http://172.31.76.237/api/auth/session. Read more at https://errors.authjs.dev#untrustedhost
web-1    |     at /app/.next/server/chunks/[root-of-the-server]__1135a182._.js:429:51290
web-1    |     at aj (/app/.next/server/chunks/[root-of-the-server]__1135a182._.js:429:53955)
web-1    |     at process.processTicksAndRejections (node:internal/process/task_queues:95:5)
web-1    | [31m[auth][error][0m UntrustedHost: Host must be trusted. URL was: http://172.31.76.237/api/auth/session. Read more at https://errors.authjs.dev#untrustedhost
web-1    |     at /app/.next/server/chunks/[root-of-the-server]__1135a182._.js:429:51290
web-1    |     at aj (/app/.next/server/chunks/[root-of-the-server]__1135a182._.js:429:53955)
web-1    |     at process.processTicksAndRejections (node:internal/process/task_queues:95:5)
web-1    | [31m[auth][error][0m UntrustedHost: Host must be trusted. URL was: http://172.31.76.237/api/auth/session. Read more at https://errors.authjs.dev#untrustedhost
web-1    |     at /app/.next/server/chunks/[root-of-the-server]__1135a182._.js:429:51290
web-1    |     at aj (/app/.next/server/chunks/[root-of-the-server]__1135a182._.js:429:53955)
web-1    |     at process.processTicksAndRejections (node:internal/process/task_queues:95:5)
nginx-1  | 172.31.27.8 - - [11/Mar/2026:10:37:02 +0000] "GET / HTTP/1.1" 200 3989 "-" "ELB-HealthChecker/2.0"
nginx-1  | 172.31.0.62 - - [11/Mar/2026:10:37:02 +0000] "GET / HTTP/1.1" 200 3989 "-" "ELB-HealthChecker/2.0"
nginx-1  | 172.31.35.115 - - [11/Mar/2026:10:37:02 +0000] "GET / HTTP/1.1" 200 3989 "-" "ELB-HealthChecker/2.0"
web-1    | [31m[auth][error][0m UntrustedHost: Host must be trusted. URL was: http://172.31.76.237/api/auth/session. Read more at https://errors.authjs.dev#untrustedhost
web-1    |     at /app/.next/server/chunks/[root-of-the-server]__1135a182._.js:429:51290
web-1    |     at aj (/app/.next/server/chunks/[root-of-the-server]__1135a182._.js:429:53955)
web-1    |     at process.processTicksAndRejections (node:internal/process/task_queues:95:5)
web-1    | [31m[auth][error][0m UntrustedHost: Host must be trusted. URL was: http://172.31.76.237/api/auth/session. Read more at https://errors.authjs.dev#untrustedhost
web-1    |     at /app/.next/server/chunks/[root-of-the-server]__1135a182._.js:429:51290
web-1    |     at aj (/app/.next/server/chunks/[root-of-the-server]__1135a182._.js:429:53955)
web-1    |     at process.processTicksAndRejections (node:internal/process/task_queues:95:5)
nginx-1  | 172.31.27.8 - - [11/Mar/2026:10:37:17 +0000] "GET / HTTP/1.1" 200 3989 "-" "ELB-HealthChecker/2.0"
nginx-1  | 172.31.0.62 - - [11/Mar/2026:10:37:17 +0000] "GET / HTTP/1.1" 200 3989 "-" "ELB-HealthChecker/2.0"
web-1    | [31m[auth][error][0m UntrustedHost: Host must be trusted. URL was: http://172.31.76.237/api/auth/session. Read more at https://errors.authjs.dev#untrustedhost
web-1    |     at /app/.next/server/chunks/[root-of-the-server]__1135a182._.js:429:51290
web-1    |     at aj (/app/.next/server/chunks/[root-of-the-server]__1135a182._.js:429:53955)
web-1    |     at process.processTicksAndRejections (node:internal/process/task_queues:95:5)
nginx-1  | 172.31.35.115 - - [11/Mar/2026:10:37:17 +0000] "GET / HTTP/1.1" 200 3989 "-" "ELB-HealthChecker/2.0"
web-1    | [31m[auth][error][0m UntrustedHost: Host must be trusted. URL was: http://172.31.76.237/api/auth/session. Read more at https://errors.authjs.dev#untrustedhost
web-1    |     at /app/.next/server/chunks/[root-of-the-server]__1135a182._.js:429:51290
web-1    |     at aj (/app/.next/server/chunks/[root-of-the-server]__1135a182._.js:429:53955)
web-1    |     at process.processTicksAndRejections (node:internal/process/task_queues:95:5)
web-1    | [31m[auth][error][0m UntrustedHost: Host must be trusted. URL was: http://172.31.76.237/api/auth/session. Read more at https://errors.authjs.dev#untrustedhost
web-1    |     at /app/.next/server/chunks/[root-of-the-server]__1135a182._.js:429:51290
web-1    |     at aj (/app/.next/server/chunks/[root-of-the-server]__1135a182._.js:429:53955)
web-1    |     at process.processTicksAndRejections (node:internal/process/task_queues:95:5)
nginx-1  | 172.31.0.62 - - [11/Mar/2026:10:37:32 +0000] "GET / HTTP/1.1" 200 3989 "-" "ELB-HealthChecker/2.0"
nginx-1  | 172.31.27.8 - - [11/Mar/2026:10:37:32 +0000] "GET / HTTP/1.1" 200 3989 "-" "ELB-HealthChecker/2.0"
web-1    | [31m[auth][error][0m UntrustedHost: Host must be trusted. URL was: http://172.31.76.237/api/auth/session. Read more at https://errors.authjs.dev#untrustedhost
web-1    |     at /app/.next/server/chunks/[root-of-the-server]__1135a182._.js:429:51290
web-1    |     at aj (/app/.next/server/chunks/[root-of-the-server]__1135a182._.js:429:53955)
web-1    |     at process.processTicksAndRejections (node:internal/process/task_queues:95:5)
nginx-1  | 172.31.35.115 - - [11/Mar/2026:10:37:32 +0000] "GET / HTTP/1.1" 200 3989 "-" "ELB-HealthChecker/2.0"
web-1    | [31m[auth][error][0m UntrustedHost: Host must be trusted. URL was: http://172.31.76.237/api/auth/session. Read more at https://errors.authjs.dev#untrustedhost
web-1    |     at /app/.next/server/chunks/[root-of-the-server]__1135a182._.js:429:51290
web-1    |     at aj (/app/.next/server/chunks/[root-of-the-server]__1135a182._.js:429:53955)
web-1    |     at process.processTicksAndRejections (node:internal/process/task_queues:95:5)
web-1    | [31m[auth][error][0m UntrustedHost: Host must be trusted. URL was: http://172.31.76.237/api/auth/session. Read more at https://errors.authjs.dev#untrustedhost
web-1    |     at /app/.next/server/chunks/[root-of-the-server]__1135a182._.js:429:51290
web-1    |     at aj (/app/.next/server/chunks/[root-of-the-server]__1135a182._.js:429:53955)
web-1    |     at process.processTicksAndRejections (node:internal/process/task_queues:95:5)
nginx-1  | 172.31.0.62 - - [11/Mar/2026:10:37:47 +0000] "GET / HTTP/1.1" 200 3989 "-" "ELB-HealthChecker/2.0"
nginx-1  | 172.31.27.8 - - [11/Mar/2026:10:37:47 +0000] "GET / HTTP/1.1" 200 3989 "-" "ELB-HealthChecker/2.0"
web-1    | [31m[auth][error][0m UntrustedHost: Host must be trusted. URL was: http://172.31.76.237/api/auth/session. Read more at https://errors.authjs.dev#untrustedhost
web-1    |     at /app/.next/server/chunks/[root-of-the-server]__1135a182._.js:429:51290
web-1    |     at aj (/app/.next/server/chunks/[root-of-the-server]__1135a182._.js:429:53955)
web-1    |     at process.processTicksAndRejections (node:internal/process/task_queues:95:5)
nginx-1  | 172.31.35.115 - - [11/Mar/2026:10:37:47 +0000] "GET / HTTP/1.1" 200 3989 "-" "ELB-HealthChecker/2.0"
web-1    | [31m[auth][error][0m UntrustedHost: Host must be trusted. URL was: http://172.31.76.237/api/auth/session. Read more at https://errors.authjs.dev#untrustedhost
web-1    |     at /app/.next/server/chunks/[root-of-the-server]__1135a182._.js:429:51290
web-1    |     at aj (/app/.next/server/chunks/[root-of-the-server]__1135a182._.js:429:53955)
web-1    |     at process.processTicksAndRejections (node:internal/process/task_queues:95:5)
nginx-1  | 172.31.0.62 - - [11/Mar/2026:10:38:02 +0000] "GET / HTTP/1.1" 200 3989 "-" "ELB-HealthChecker/2.0"
web-1    | [31m[auth][error][0m UntrustedHost: Host must be trusted. URL was: http://172.31.76.237/api/auth/session. Read more at https://errors.authjs.dev#untrustedhost
web-1    |     at /app/.next/server/chunks/[root-of-the-server]__1135a182._.js:429:51290
web-1    |     at aj (/app/.next/server/chunks/[root-of-the-server]__1135a182._.js:429:53955)
web-1    |     at process.processTicksAndRejections (node:internal/process/task_queues:95:5)
nginx-1  | 172.31.27.8 - - [11/Mar/2026:10:38:02 +0000] "GET / HTTP/1.1" 200 3989 "-" "ELB-HealthChecker/2.0"
web-1    | [31m[auth][error][0m UntrustedHost: Host must be trusted. URL was: http://172.31.76.237/api/auth/session. Read more at https://errors.authjs.dev#untrustedhost
web-1    |     at /app/.next/server/chunks/[root-of-the-server]__1135a182._.js:429:51290
web-1    |     at aj (/app/.next/server/chunks/[root-of-the-server]__1135a182._.js:429:53955)
web-1    |     at process.processTicksAndRejections (node:internal/process/task_queues:95:5)
nginx-1  | 172.31.35.115 - - [11/Mar/2026:10:38:02 +0000] "GET / HTTP/1.1" 200 3989 "-" "ELB-HealthChecker/2.0"
web-1    | [31m[auth][error][0m UntrustedHost: Host must be trusted. URL was: http://172.31.76.237/api/auth/session. Read more at https://errors.authjs.dev#untrustedhost
web-1    |     at /app/.next/server/chunks/[root-of-the-server]__1135a182._.js:429:51290
web-1    |     at aj (/app/.next/server/chunks/[root-of-the-server]__1135a182._.js:429:53955)
web-1    |     at process.processTicksAndRejections (node:internal/process/task_queues:95:5)
nginx-1  | 172.31.0.62 - - [11/Mar/2026:10:38:17 +0000] "GET / HTTP/1.1" 200 3989 "-" "ELB-HealthChecker/2.0"
web-1    | [31m[auth][error][0m UntrustedHost: Host must be trusted. URL was: http://172.31.76.237/api/auth/session. Read more at https://errors.authjs.dev#untrustedhost
web-1    |     at /app/.next/server/chunks/[root-of-the-server]__1135a182._.js:429:51290
web-1    |     at aj (/app/.next/server/chunks/[root-of-the-server]__1135a182._.js:429:53955)
web-1    |     at process.processTicksAndRejections (node:internal/process/task_queues:95:5)
nginx-1  | 172.31.27.8 - - [11/Mar/2026:10:38:17 +0000] "GET / HTTP/1.1" 200 3989 "-" "ELB-HealthChecker/2.0"
web-1    | [31m[auth][error][0m UntrustedHost: Host must be trusted. URL was: http://172.31.76.237/api/auth/session. Read more at https://errors.authjs.dev#untrustedhost
web-1    |     at /app/.next/server/chunks/[root-of-the-server]__1135a182._.js:429:51290
web-1    |     at aj (/app/.next/server/chunks/[root-of-the-server]__1135a182._.js:429:53955)
web-1    |     at process.processTicksAndRejections (node:internal/process/task_queues:95:5)
nginx-1  | 172.31.35.115 - - [11/Mar/2026:10:38:17 +0000] "GET / HTTP/1.1" 200 3989 "-" "ELB-HealthChecker/2.0"
web-1    | [31m[auth][error][0m UntrustedHost: Host must be trusted. URL was: http://172.31.76.237/api/auth/session. Read more at https://errors.authjs.dev#untrustedhost
web-1    |     at /app/.next/server/chunks/[root-of-the-server]__1135a182._.js:429:51290
web-1    |     at aj (/app/.next/server/chunks/[root-of-the-server]__1135a182._.js:429:53955)
web-1    |     at process.processTicksAndRejections (node:internal/process/task_queues:95:5)
nginx-1  | 172.31.0.62 - - [11/Mar/2026:10:38:32 +0000] "GET / HTTP/1.1" 200 3989 "-" "ELB-HealthChecker/2.0"
web-1    | [31m[auth][error][0m UntrustedHost: Host must be trusted. URL was: http://172.31.76.237/api/auth/session. Read more at https://errors.authjs.dev#untrustedhost
web-1    |     at /app/.next/server/chunks/[root-of-the-server]__1135a182._.js:429:51290
web-1    |     at aj (/app/.next/server/chunks/[root-of-the-server]__1135a182._.js:429:53955)
web-1    |     at process.processTicksAndRejections (node:internal/process/task_queues:95:5)
nginx-1  | 172.31.27.8 - - [11/Mar/2026:10:38:32 +0000] "GET / HTTP/1.1" 200 3989 "-" "ELB-HealthChecker/2.0"
web-1    | [31m[auth][error][0m UntrustedHost: Host must be trusted. URL was: http://172.31.76.237/api/auth/session. Read more at https://errors.authjs.dev#untrustedhost
web-1    |     at /app/.next/server/chunks/[root-of-the-server]__1135a182._.js:429:51290
web-1    |     at aj (/app/.next/server/chunks/[root-of-the-server]__1135a182._.js:429:53955)
web-1    |     at process.processTicksAndRejections (node:internal/process/task_queues:95:5)
nginx-1  | 172.31.35.115 - - [11/Mar/2026:10:38:32 +0000] "GET / HTTP/1.1" 200 3989 "-" "ELB-HealthChecker/2.0"
web-1    | [31m[auth][error][0m UntrustedHost: Host must be trusted. URL was: http://172.31.76.237/api/auth/session. Read more at https://errors.authjs.dev#untrustedhost
web-1    |     at /app/.next/server/chunks/[root-of-the-server]__1135a182._.js:429:51290
web-1    |     at aj (/app/.next/server/chunks/[root-of-the-server]__1135a182._.js:429:53955)
web-1    |     at process.processTicksAndRejections (node:internal/process/task_queues:95:5)
nginx-1  | 172.31.0.62 - - [11/Mar/2026:10:38:47 +0000] "GET / HTTP/1.1" 200 3989 "-" "ELB-HealthChecker/2.0"
web-1    | [31m[auth][error][0m UntrustedHost: Host must be trusted. URL was: http://172.31.76.237/api/auth/session. Read more at https://errors.authjs.dev#untrustedhost
web-1    |     at /app/.next/server/chunks/[root-of-the-server]__1135a182._.js:429:51290
web-1    |     at aj (/app/.next/server/chunks/[root-of-the-server]__1135a182._.js:429:53955)
web-1    |     at process.processTicksAndRejections (node:internal/process/task_queues:95:5)
nginx-1  | 172.31.27.8 - - [11/Mar/2026:10:38:47 +0000] "GET / HTTP/1.1" 200 3989 "-" "ELB-HealthChecker/2.0"
web-1    | [31m[auth][error][0m UntrustedHost: Host must be trusted. URL was: http://172.31.76.237/api/auth/session. Read more at https://errors.authjs.dev#untrustedhost
web-1    |     at /app/.next/server/chunks/[root-of-the-server]__1135a182._.js:429:51290
web-1    |     at aj (/app/.next/server/chunks/[root-of-the-server]__1135a182._.js:429:53955)
web-1    |     at process.processTicksAndRejections (node:internal/process/task_queues:95:5)
nginx-1  | 172.31.35.115 - - [11/Mar/2026:10:38:47 +0000] "GET / HTTP/1.1" 200 3989 "-" "ELB-HealthChecker/2.0"
web-1    | [31m[auth][error][0m UntrustedHost: Host must be trusted. URL was: http://172.31.76.237/api/auth/session. Read more at https://errors.authjs.dev#untrustedhost
web-1    |     at /app/.next/server/chunks/[root-of-the-server]__1135a182._.js:429:51290
web-1    |     at aj (/app/.next/server/chunks/[root-of-the-server]__1135a182._.js:429:53955)
web-1    |     at process.processTicksAndRejections (node:internal/process/task_queues:95:5)
nginx-1  | 172.31.27.8 - - [11/Mar/2026:10:39:02 +0000] "GET / HTTP/1.1" 200 3989 "-" "ELB-HealthChecker/2.0"
web-1    | [31m[auth][error][0m UntrustedHost: Host must be trusted. URL was: http://172.31.76.237/api/auth/session. Read more at https://errors.authjs.dev#untrustedhost
web-1    |     at /app/.next/server/chunks/[root-of-the-server]__1135a182._.js:429:51290
web-1    |     at aj (/app/.next/server/chunks/[root-of-the-server]__1135a182._.js:429:53955)
web-1    |     at process.processTicksAndRejections (node:internal/process/task_queues:95:5)
nginx-1  | 172.31.0.62 - - [11/Mar/2026:10:39:02 +0000] "GET / HTTP/1.1" 200 3989 "-" "ELB-HealthChecker/2.0"
web-1    | [31m[auth][error][0m UntrustedHost: Host must be trusted. URL was: http://172.31.76.237/api/auth/session. Read more at https://errors.authjs.dev#untrustedhost
web-1    |     at /app/.next/server/chunks/[root-of-the-server]__1135a182._.js:429:51290
web-1    |     at aj (/app/.next/server/chunks/[root-of-the-server]__1135a182._.js:429:53955)
web-1    |     at process.processTicksAndRejections (node:internal/process/task_queues:95:5)
nginx-1  | 172.31.35.115 - - [11/Mar/2026:10:39:02 +0000] "GET / HTTP/1.1" 200 3989 "-" "ELB-HealthChecker/2.0"
web-1    | [31m[auth][error][0m UntrustedHost: Host must be trusted. URL was: http://172.31.76.237/api/auth/session. Read more at https://errors.authjs.dev#untrustedhost
web-1    |     at /app/.next/server/chunks/[root-of-the-server]__1135a182._.js:429:51290
web-1    |     at aj (/app/.next/server/chunks/[root-of-the-server]__1135a182._.js:429:53955)
web-1    |     at process.processTicksAndRejections (node:internal/process/task_queues:95:5)
nginx-1  | 172.31.0.62 - - [11/Mar/2026:10:39:17 +0000] "GET / HTTP/1.1" 200 3989 "-" "ELB-HealthChecker/2.0"
web-1    | [31m[auth][error][0m UntrustedHost: Host must be trusted. URL was: http://172.31.76.237/api/auth/session. Read more at https://errors.authjs.dev#untrustedhost
web-1    |     at /app/.next/server/chunks/[root-of-the-server]__1135a182._.js:429:51290
web-1    |     at aj (/app/.next/server/chunks/[root-of-the-server]__1135a182._.js:429:53955)
web-1    |     at process.processTicksAndRejections (node:internal/process/task_queues:95:5)
nginx-1  | 172.31.27.8 - - [11/Mar/2026:10:39:17 +0000] "GET / HTTP/1.1" 200 3989 "-" "ELB-HealthChecker/2.0"
web-1    | [31m[auth][error][0m UntrustedHost: Host must be trusted. URL was: http://172.31.76.237/api/auth/session. Read more at https://errors.authjs.dev#untrustedhost
web-1    |     at /app/.next/server/chunks/[root-of-the-server]__1135a182._.js:429:51290
web-1    |     at aj (/app/.next/server/chunks/[root-of-the-server]__1135a182._.js:429:53955)
web-1    |     at process.processTicksAndRejections (node:internal/process/task_queues:95:5)
nginx-1  | 172.31.35.115 - - [11/Mar/2026:10:39:17 +0000] "GET / HTTP/1.1" 200 3989 "-" "ELB-HealthChecker/2.0"
web-1    | [31m[auth][error][0m UntrustedHost: Host must be trusted. URL was: http://172.31.76.237/api/auth/session. Read more at https://errors.authjs.dev#untrustedhost
web-1    |     at /app/.next/server/chunks/[root-of-the-server]__1135a182._.js:429:51290
web-1    |     at aj (/app/.next/server/chunks/[root-of-the-server]__1135a182._.js:429:53955)
web-1    |     at process.processTicksAndRejections (node:internal/process/task_queues:95:5)
nginx-1  | 172.31.0.62 - - [11/Mar/2026:10:39:32 +0000] "GET / HTTP/1.1" 200 3989 "-" "ELB-HealthChecker/2.0"
web-1    | [31m[auth][error][0m UntrustedHost: Host must be trusted. URL was: http://172.31.76.237/api/auth/session. Read more at https://errors.authjs.dev#untrustedhost
web-1    |     at /app/.next/server/chunks/[root-of-the-server]__1135a182._.js:429:51290
web-1    |     at aj (/app/.next/server/chunks/[root-of-the-server]__1135a182._.js:429:53955)
web-1    |     at process.processTicksAndRejections (node:internal/process/task_queues:95:5)
nginx-1  | 172.31.27.8 - - [11/Mar/2026:10:39:32 +0000] "GET / HTTP/1.1" 200 3989 "-" "ELB-HealthChecker/2.0"
web-1    | [31m[auth][error][0m UntrustedHost: Host must be trusted. URL was: http://172.31.76.237/api/auth/session. Read more at https://errors.authjs.dev#untrustedhost
web-1    |     at /app/.next/server/chunks/[root-of-the-server]__1135a182._.js:429:51290
web-1    |     at aj (/app/.next/server/chunks/[root-of-the-server]__1135a182._.js:429:53955)
web-1    |     at process.processTicksAndRejections (node:internal/process/task_queues:95:5)
nginx-1  | 172.31.35.115 - - [11/Mar/2026:10:39:32 +0000] "GET / HTTP/1.1" 200 3989 "-" "ELB-HealthChecker/2.0"
web-1    | [31m[auth][error][0m UntrustedHost: Host must be trusted. URL was: http://172.31.76.237/api/auth/session. Read more at https://errors.authjs.dev#untrustedhost
web-1    |     at /app/.next/server/chunks/[root-of-the-server]__1135a182._.js:429:51290
web-1    |     at aj (/app/.next/server/chunks/[root-of-the-server]__1135a182._.js:429:53955)
web-1    |     at process.processTicksAndRejections (node:internal/process/task_queues:95:5)
nginx-1  | 172.31.0.62 - - [11/Mar/2026:10:39:47 +0000] "GET / HTTP/1.1" 200 3989 "-" "ELB-HealthChecker/2.0"
web-1    | [31m[auth][error][0m UntrustedHost: Host must be trusted. URL was: http://172.31.76.237/api/auth/session. Read more at https://errors.authjs.dev#untrustedhost
web-1    |     at /app/.next/server/chunks/[root-of-the-server]__1135a182._.js:429:51290
web-1    |     at aj (/app/.next/server/chunks/[root-of-the-server]__1135a182._.js:429:53955)
web-1    |     at process.processTicksAndRejections (node:internal/process/task_queues:95:5)
nginx-1  | 172.31.27.8 - - [11/Mar/2026:10:39:47 +0000] "GET / HTTP/1.1" 200 3989 "-" "ELB-HealthChecker/2.0"
web-1    | [31m[auth][error][0m UntrustedHost: Host must be trusted. URL was: http://172.31.76.237/api/auth/session. Read more at https://errors.authjs.dev#untrustedhost
web-1    |     at /app/.next/server/chunks/[root-of-the-server]__1135a182._.js:429:51290
web-1    |     at aj (/app/.next/server/chunks/[root-of-the-server]__1135a182._.js:429:53955)
web-1    |     at process.processTicksAndRejections (node:internal/process/task_queues:95:5)
nginx-1  | 172.31.35.115 - - [11/Mar/2026:10:39:47 +0000] "GET / HTTP/1.1" 200 3989 "-" "ELB-HealthChecker/2.0"
web-1    | [31m[auth][error][0m UntrustedHost: Host must be trusted. URL was: http://172.31.76.237/api/auth/session. Read more at https://errors.authjs.dev#untrustedhost
web-1    |     at /app/.next/server/chunks/[root-of-the-server]__1135a182._.js:429:51290
web-1    |     at aj (/app/.next/server/chunks/[root-of-the-server]__1135a182._.js:429:53955)
web-1    |     at process.processTicksAndRejections (node:internal/process/task_queues:95:5)
nginx-1  | 172.31.0.62 - - [11/Mar/2026:10:40:02 +0000] "GET / HTTP/1.1" 200 3989 "-" "ELB-HealthChecker/2.0"
web-1    | [31m[auth][error][0m UntrustedHost: Host must be trusted. URL was: http://172.31.76.237/api/auth/session. Read more at https://errors.authjs.dev#untrustedhost
web-1    |     at /app/.next/server/chunks/[root-of-the-server]__1135a182._.js:429:51290
web-1    |     at aj (/app/.next/server/chunks/[root-of-the-server]__1135a182._.js:429:53955)
web-1    |     at process.processTicksAndRejections (node:internal/process/task_queues:95:5)
nginx-1  | 172.31.27.8 - - [11/Mar/2026:10:40:02 +0000] "GET / HTTP/1.1" 200 3989 "-" "ELB-HealthChecker/2.0"
web-1    | [31m[auth][error][0m UntrustedHost: Host must be trusted. URL was: http://172.31.76.237/api/auth/session. Read more at https://errors.authjs.dev#untrustedhost
web-1    |     at /app/.next/server/chunks/[root-of-the-server]__1135a182._.js:429:51290
web-1    |     at aj (/app/.next/server/chunks/[root-of-the-server]__1135a182._.js:429:53955)
web-1    |     at process.processTicksAndRejections (node:internal/process/task_queues:95:5)
nginx-1  | 172.31.35.115 - - [11/Mar/2026:10:40:02 +0000] "GET / HTTP/1.1" 200 3989 "-" "ELB-HealthChecker/2.0"
web-1    | [31m[auth][error][0m UntrustedHost: Host must be trusted. URL was: http://172.31.76.237/api/auth/session. Read more at https://errors.authjs.dev#untrustedhost
web-1    |     at /app/.next/server/chunks/[root-of-the-server]__1135a182._.js:429:51290
web-1    |     at aj (/app/.next/server/chunks/[root-of-the-server]__1135a182._.js:429:53955)
web-1    |     at process.processTicksAndRejections (node:internal/process/task_queues:95:5)
nginx-1  | 172.31.0.62 - - [11/Mar/2026:10:40:17 +0000] "GET / HTTP/1.1" 200 3989 "-" "ELB-HealthChecker/2.0"
web-1    | [31m[auth][error][0m UntrustedHost: Host must be trusted. URL was: http://172.31.76.237/api/auth/session. Read more at https://errors.authjs.dev#untrustedhost
web-1    |     at /app/.next/server/chunks/[root-of-the-server]__1135a182._.js:429:51290
web-1    |     at aj (/app/.next/server/chunks/[root-of-the-server]__1135a182._.js:429:53955)
web-1    |     at process.processTicksAndRejections (node:internal/process/task_queues:95:5)
nginx-1  | 172.31.27.8 - - [11/Mar/2026:10:40:17 +0000] "GET / HTTP/1.1" 200 3989 "-" "ELB-HealthChecker/2.0"
web-1    | [31m[auth][error][0m UntrustedHost: Host must be trusted. URL was: http://172.31.76.237/api/auth/session. Read more at https://errors.authjs.dev#untrustedhost
web-1    |     at /app/.next/server/chunks/[root-of-the-server]__1135a182._.js:429:51290
web-1    |     at aj (/app/.next/server/chunks/[root-of-the-server]__1135a182._.js:429:53955)
web-1    |     at process.processTicksAndRejections (node:internal/process/task_queues:95:5)
nginx-1  | 172.31.35.115 - - [11/Mar/2026:10:40:17 +0000] "GET / HTTP/1.1" 200 3989 "-" "ELB-HealthChecker/2.0"
web-1    | [31m[auth][error][0m UntrustedHost: Host must be trusted. URL was: http://172.31.76.237/api/auth/session. Read more at https://errors.authjs.dev#untrustedhost
web-1    |     at /app/.next/server/chunks/[root-of-the-server]__1135a182._.js:429:51290
web-1    |     at aj (/app/.next/server/chunks/[root-of-the-server]__1135a182._.js:429:53955)
web-1    |     at process.processTicksAndRejections (node:internal/process/task_queues:95:5)
nginx-1  | 172.31.0.62 - - [11/Mar/2026:10:40:32 +0000] "GET / HTTP/1.1" 200 3989 "-" "ELB-HealthChecker/2.0"
web-1    | [31m[auth][error][0m UntrustedHost: Host must be trusted. URL was: http://172.31.76.237/api/auth/session. Read more at https://errors.authjs.dev#untrustedhost
web-1    |     at /app/.next/server/chunks/[root-of-the-server]__1135a182._.js:429:51290
web-1    |     at aj (/app/.next/server/chunks/[root-of-the-server]__1135a182._.js:429:53955)
web-1    |     at process.processTicksAndRejections (node:internal/process/task_queues:95:5)
nginx-1  | 172.31.27.8 - - [11/Mar/2026:10:40:32 +0000] "GET / HTTP/1.1" 200 3989 "-" "ELB-HealthChecker/2.0"
web-1    | [31m[auth][error][0m UntrustedHost: Host must be trusted. URL was: http://172.31.76.237/api/auth/session. Read more at https://errors.authjs.dev#untrustedhost
web-1    |     at /app/.next/server/chunks/[root-of-the-server]__1135a182._.js:429:51290
web-1    |     at aj (/app/.next/server/chunks/[root-of-the-server]__1135a182._.js:429:53955)
web-1    |     at process.processTicksAndRejections (node:internal/process/task_queues:95:5)
nginx-1  | 172.31.35.115 - - [11/Mar/2026:10:40:32 +0000] "GET / HTTP/1.1" 200 3989 "-" "ELB-HealthChecker/2.0"
web-1    | [31m[auth][error][0m UntrustedHost: Host must be trusted. URL was: http://172.31.76.237/api/auth/session. Read more at https://errors.authjs.dev#untrustedhost
web-1    |     at /app/.next/server/chunks/[root-of-the-server]__1135a182._.js:429:51290
web-1    |     at aj (/app/.next/server/chunks/[root-of-the-server]__1135a182._.js:429:53955)
web-1    |     at process.processTicksAndRejections (node:internal/process/task_queues:95:5)
nginx-1  | 172.31.0.62 - - [11/Mar/2026:10:40:47 +0000] "GET / HTTP/1.1" 200 3989 "-" "ELB-HealthChecker/2.0"
web-1    | [31m[auth][error][0m UntrustedHost: Host must be trusted. URL was: http://172.31.76.237/api/auth/session. Read more at https://errors.authjs.dev#untrustedhost
web-1    |     at /app/.next/server/chunks/[root-of-the-server]__1135a182._.js:429:51290
web-1    |     at aj (/app/.next/server/chunks/[root-of-the-server]__1135a182._.js:429:53955)
web-1    |     at process.processTicksAndRejections (node:internal/process/task_queues:95:5)
nginx-1  | 172.31.27.8 - - [11/Mar/2026:10:40:47 +0000] "GET / HTTP/1.1" 200 3989 "-" "ELB-HealthChecker/2.0"
web-1    | [31m[auth][error][0m UntrustedHost: Host must be trusted. URL was: http://172.31.76.237/api/auth/session. Read more at https://errors.authjs.dev#untrustedhost
web-1    |     at /app/.next/server/chunks/[root-of-the-server]__1135a182._.js:429:51290
web-1    |     at aj (/app/.next/server/chunks/[root-of-the-server]__1135a182._.js:429:53955)
web-1    |     at process.processTicksAndRejections (node:internal/process/task_queues:95:5)
nginx-1  | 172.31.35.115 - - [11/Mar/2026:10:40:47 +0000] "GET / HTTP/1.1" 200 3989 "-" "ELB-HealthChecker/2.0"
web-1    | [31m[auth][error][0m UntrustedHost: Host must be trusted. URL was: http://172.31.76.237/api/auth/session. Read more at https://errors.authjs.dev#untrustedhost
web-1    |     at /app/.next/server/chunks/[root-of-the-server]__1135a182._.js:429:51290
web-1    |     at aj (/app/.next/server/chunks/[root-of-the-server]__1135a182._.js:429:53955)
web-1    |     at process.processTicksAndRejections (node:internal/process/task_queues:95:5)
nginx-1  | 172.31.27.8 - - [11/Mar/2026:10:41:02 +0000] "GET / HTTP/1.1" 200 3989 "-" "ELB-HealthChecker/2.0"
web-1    | [31m[auth][error][0m UntrustedHost: Host must be trusted. URL was: http://172.31.76.237/api/auth/session. Read more at https://errors.authjs.dev#untrustedhost
web-1    |     at /app/.next/server/chunks/[root-of-the-server]__1135a182._.js:429:51290
web-1    |     at aj (/app/.next/server/chunks/[root-of-the-server]__1135a182._.js:429:53955)
web-1    |     at process.processTicksAndRejections (node:internal/process/task_queues:95:5)
web-1    | [31m[auth][error][0m UntrustedHost: Host must be trusted. URL was: http://172.31.76.237/api/auth/session. Read more at https://errors.authjs.dev#untrustedhost
web-1    |     at /app/.next/server/chunks/[root-of-the-server]__1135a182._.js:429:51290
web-1    |     at aj (/app/.next/server/chunks/[root-of-the-server]__1135a182._.js:429:53955)
web-1    |     at process.processTicksAndRejections (node:internal/process/task_queues:95:5)
nginx-1  | 172.31.35.115 - - [11/Mar/2026:10:41:02 +0000] "GET / HTTP/1.1" 200 3989 "-" "ELB-HealthChecker/2.0"
nginx-1  | 172.31.0.62 - - [11/Mar/2026:10:41:02 +0000] "GET / HTTP/1.1" 200 3989 "-" "ELB-HealthChecker/2.0"
web-1    | [31m[auth][error][0m UntrustedHost: Host must be trusted. URL was: http://172.31.76.237/api/auth/session. Read more at https://errors.authjs.dev#untrustedhost
web-1    |     at /app/.next/server/chunks/[root-of-the-server]__1135a182._.js:429:51290
web-1    |     at aj (/app/.next/server/chunks/[root-of-the-server]__1135a182._.js:429:53955)
web-1    |     at process.processTicksAndRejections (node:internal/process/task_queues:95:5)
web-1    | [31m[auth][error][0m UntrustedHost: Host must be trusted. URL was: http://172.31.76.237/api/auth/session. Read more at https://errors.authjs.dev#untrustedhost
web-1    |     at /app/.next/server/chunks/[root-of-the-server]__1135a182._.js:429:51290
web-1    |     at aj (/app/.next/server/chunks/[root-of-the-server]__1135a182._.js:429:53955)
web-1    |     at process.processTicksAndRejections (node:internal/process/task_queues:95:5)
nginx-1  | 172.31.0.62 - - [11/Mar/2026:10:41:17 +0000] "GET / HTTP/1.1" 200 3989 "-" "ELB-HealthChecker/2.0"
nginx-1  | 172.31.27.8 - - [11/Mar/2026:10:41:17 +0000] "GET / HTTP/1.1" 200 3989 "-" "ELB-HealthChecker/2.0"
web-1    | [31m[auth][error][0m UntrustedHost: Host must be trusted. URL was: http://172.31.76.237/api/auth/session. Read more at https://errors.authjs.dev#untrustedhost
web-1    |     at /app/.next/server/chunks/[root-of-the-server]__1135a182._.js:429:51290
web-1    |     at aj (/app/.next/server/chunks/[root-of-the-server]__1135a182._.js:429:53955)
web-1    |     at process.processTicksAndRejections (node:internal/process/task_queues:95:5)
nginx-1  | 172.31.35.115 - - [11/Mar/2026:10:41:17 +0000] "GET / HTTP/1.1" 200 3989 "-" "ELB-HealthChecker/2.0"
web-1    | [31m[auth][error][0m UntrustedHost: Host must be trusted. URL was: http://iaos.ap-southeast-1.elasticbeanstalk.com/api/auth/session. Read more at https://errors.authjs.dev#untrustedhost
web-1    |     at /app/.next/server/chunks/[root-of-the-server]__1135a182._.js:429:51290
web-1    |     at aj (/app/.next/server/chunks/[root-of-the-server]__1135a182._.js:429:53955)
web-1    |     at process.processTicksAndRejections (node:internal/process/task_queues:95:5)
nginx-1  | 172.31.35.115 - - [11/Mar/2026:10:41:25 +0000] "GET / HTTP/1.1" 200 3989 "-" "Mozilla/5.0 (Macintosh; Intel Mac OS X 10_15_7) AppleWebKit/537.36 (KHTML, like Gecko) Chrome/145.0.0.0 Safari/537.36"
nginx-1  | 172.31.35.115 - - [11/Mar/2026:10:41:25 +0000] "GET /_next/static/chunks/7b6fb4a218fd30da.css HTTP/1.1" 200 7065 "http://iaos.ap-southeast-1.elasticbeanstalk.com/" "Mozilla/5.0 (Macintosh; Intel Mac OS X 10_15_7) AppleWebKit/537.36 (KHTML, like Gecko) Chrome/145.0.0.0 Safari/537.36"
nginx-1  | 172.31.35.115 - - [11/Mar/2026:10:41:25 +0000] "GET /_next/static/chunks/6b0e85b328a1cf4d.js HTTP/1.1" 200 7272 "http://iaos.ap-southeast-1.elasticbeanstalk.com/" "Mozilla/5.0 (Macintosh; Intel Mac OS X 10_15_7) AppleWebKit/537.36 (KHTML, like Gecko) Chrome/145.0.0.0 Safari/537.36"
nginx-1  | 172.31.27.8 - - [11/Mar/2026:10:41:25 +0000] "GET /_next/static/chunks/149bd39f263ea1d2.js HTTP/1.1" 200 8954 "http://iaos.ap-southeast-1.elasticbeanstalk.com/" "Mozilla/5.0 (Macintosh; Intel Mac OS X 10_15_7) AppleWebKit/537.36 (KHTML, like Gecko) Chrome/145.0.0.0 Safari/537.36"
nginx-1  | 172.31.27.8 - - [11/Mar/2026:10:41:25 +0000] "GET /_next/static/chunks/turbopack-246422a5fe4ca6b0.js HTTP/1.1" 200 4032 "http://iaos.ap-southeast-1.elasticbeanstalk.com/" "Mozilla/5.0 (Macintosh; Intel Mac OS X 10_15_7) AppleWebKit/537.36 (KHTML, like Gecko) Chrome/145.0.0.0 Safari/537.36"
nginx-1  | 172.31.27.8 - - [11/Mar/2026:10:41:25 +0000] "GET /_next/static/chunks/9ae9a064eef0898b.js HTTP/1.1" 200 2646 "http://iaos.ap-southeast-1.elasticbeanstalk.com/" "Mozilla/5.0 (Macintosh; Intel Mac OS X 10_15_7) AppleWebKit/537.36 (KHTML, like Gecko) Chrome/145.0.0.0 Safari/537.36"
nginx-1  | 172.31.27.8 - - [11/Mar/2026:10:41:25 +0000] "GET /_next/static/chunks/fd8018167beb5a4e.js HTTP/1.1" 200 7893 "http://iaos.ap-southeast-1.elasticbeanstalk.com/" "Mozilla/5.0 (Macintosh; Intel Mac OS X 10_15_7) AppleWebKit/537.36 (KHTML, like Gecko) Chrome/145.0.0.0 Safari/537.36"
nginx-1  | 172.31.27.8 - - [11/Mar/2026:10:41:25 +0000] "GET /logo.png HTTP/1.1" 200 804501 "http://iaos.ap-southeast-1.elasticbeanstalk.com/" "Mozilla/5.0 (Macintosh; Intel Mac OS X 10_15_7) AppleWebKit/537.36 (KHTML, like Gecko) Chrome/145.0.0.0 Safari/537.36"
web-1    | [31m[auth][error][0m UntrustedHost: Host must be trusted. URL was: http://localhost:3000/api/auth/session. Read more at https://errors.authjs.dev#untrustedhost
web-1    |     at /app/.next/server/chunks/_75bed62e._.js:404:51290
web-1    |     at aj (/app/.next/server/chunks/_75bed62e._.js:404:53955)
web-1    |     at process.processTicksAndRejections (node:internal/process/task_queues:95:5)
web-1    |     at async rW.do (/app/node_modules/.pnpm/next@16.1.6_@babel+core@7.29.0_babel-plugin-react-compiler@1.0.0_react-dom@19.2.3_react@19.2.3__react@19.2.3/node_modules/next/dist/compiled/next-server/app-route-turbo.runtime.prod.js:5:20169)
nginx-1  | 172.31.27.8 - - [11/Mar/2026:10:41:25 +0000] "GET /api/auth/session HTTP/1.1" 500 119 "http://iaos.ap-southeast-1.elasticbeanstalk.com/" "Mozilla/5.0 (Macintosh; Intel Mac OS X 10_15_7) AppleWebKit/537.36 (KHTML, like Gecko) Chrome/145.0.0.0 Safari/537.36"
web-1    | [31m[auth][error][0m UntrustedHost: Host must be trusted. URL was: http://iaos.ap-southeast-1.elasticbeanstalk.com/api/auth/session. Read more at https://errors.authjs.dev#untrustedhost
web-1    |     at /app/.next/server/chunks/[root-of-the-server]__1135a182._.js:429:51290
web-1    |     at aj (/app/.next/server/chunks/[root-of-the-server]__1135a182._.js:429:53955)
web-1    |     at process.processTicksAndRejections (node:internal/process/task_queues:95:5)
web-1    | [31m[auth][error][0m UntrustedHost: Host must be trusted. URL was: http://iaos.ap-southeast-1.elasticbeanstalk.com/api/auth/session. Read more at https://errors.authjs.dev#untrustedhost
web-1    |     at /app/.next/server/chunks/[root-of-the-server]__1135a182._.js:429:51290
web-1    |     at aj (/app/.next/server/chunks/[root-of-the-server]__1135a182._.js:429:53955)
web-1    |     at process.processTicksAndRejections (node:internal/process/task_queues:95:5)
web-1    | [31m[auth][error][0m UntrustedHost: Host must be trusted. URL was: http://localhost:3000/api/auth/session. Read more at https://errors.authjs.dev#untrustedhost
web-1    |     at /app/.next/server/chunks/_75bed62e._.js:404:51290
web-1    |     at aj (/app/.next/server/chunks/_75bed62e._.js:404:53955)
web-1    |     at process.processTicksAndRejections (node:internal/process/task_queues:95:5)
web-1    |     at async rW.do (/app/node_modules/.pnpm/next@16.1.6_@babel+core@7.29.0_babel-plugin-react-compiler@1.0.0_react-dom@19.2.3_react@19.2.3__react@19.2.3/node_modules/next/dist/compiled/next-server/app-route-turbo.runtime.prod.js:5:20169)
nginx-1  | 172.31.27.8 - - [11/Mar/2026:10:41:25 +0000] "GET /api/auth/session HTTP/1.1" 500 119 "http://iaos.ap-southeast-1.elasticbeanstalk.com/" "Mozilla/5.0 (Macintosh; Intel Mac OS X 10_15_7) AppleWebKit/537.36 (KHTML, like Gecko) Chrome/145.0.0.0 Safari/537.36"
nginx-1  | 172.31.27.8 - - [11/Mar/2026:10:41:25 +0000] "GET /register?_rsc=1r34m HTTP/1.1" 200 342 "http://iaos.ap-southeast-1.elasticbeanstalk.com/" "Mozilla/5.0 (Macintosh; Intel Mac OS X 10_15_7) AppleWebKit/537.36 (KHTML, like Gecko) Chrome/145.0.0.0 Safari/537.36"
nginx-1  | 172.31.27.8 - - [11/Mar/2026:10:41:25 +0000] "GET /forgot-password?_rsc=1r34m HTTP/1.1" 200 347 "http://iaos.ap-southeast-1.elasticbeanstalk.com/" "Mozilla/5.0 (Macintosh; Intel Mac OS X 10_15_7) AppleWebKit/537.36 (KHTML, like Gecko) Chrome/145.0.0.0 Safari/537.36"
web-1    | [31m[auth][error][0m UntrustedHost: Host must be trusted. URL was: http://iaos.ap-southeast-1.elasticbeanstalk.com/api/auth/session. Read more at https://errors.authjs.dev#untrustedhost
web-1    |     at /app/.next/server/chunks/[root-of-the-server]__1135a182._.js:429:51290
web-1    |     at aj (/app/.next/server/chunks/[root-of-the-server]__1135a182._.js:429:53955)
web-1    |     at process.processTicksAndRejections (node:internal/process/task_queues:95:5)
web-1    | [31m[auth][error][0m UntrustedHost: Host must be trusted. URL was: http://iaos.ap-southeast-1.elasticbeanstalk.com/api/auth/session. Read more at https://errors.authjs.dev#untrustedhost
web-1    |     at /app/.next/server/chunks/[root-of-the-server]__1135a182._.js:429:51290
web-1    |     at aj (/app/.next/server/chunks/[root-of-the-server]__1135a182._.js:429:53955)
web-1    |     at process.processTicksAndRejections (node:internal/process/task_queues:95:5)
web-1    | [31m[auth][error][0m UntrustedHost: Host must be trusted. URL was: http://iaos.ap-southeast-1.elasticbeanstalk.com/api/auth/session. Read more at https://errors.authjs.dev#untrustedhost
web-1    |     at /app/.next/server/chunks/[root-of-the-server]__1135a182._.js:429:51290
web-1    |     at aj (/app/.next/server/chunks/[root-of-the-server]__1135a182._.js:429:53955)
web-1    |     at process.processTicksAndRejections (node:internal/process/task_queues:95:5)
nginx-1  | 172.31.27.8 - - [11/Mar/2026:10:41:25 +0000] "GET /register?_rsc=1pn8p HTTP/1.1" 200 561 "http://iaos.ap-southeast-1.elasticbeanstalk.com/" "Mozilla/5.0 (Macintosh; Intel Mac OS X 10_15_7) AppleWebKit/537.36 (KHTML, like Gecko) Chrome/145.0.0.0 Safari/537.36"
web-1    | [31m[auth][error][0m UntrustedHost: Host must be trusted. URL was: http://iaos.ap-southeast-1.elasticbeanstalk.com/api/auth/session. Read more at https://errors.authjs.dev#untrustedhost
web-1    |     at /app/.next/server/chunks/[root-of-the-server]__1135a182._.js:429:51290
web-1    |     at aj (/app/.next/server/chunks/[root-of-the-server]__1135a182._.js:429:53955)
web-1    |     at process.processTicksAndRejections (node:internal/process/task_queues:95:5)
nginx-1  | 172.31.27.8 - - [11/Mar/2026:10:41:25 +0000] "GET /register?_rsc=nn07o HTTP/1.1" 200 968 "http://iaos.ap-southeast-1.elasticbeanstalk.com/" "Mozilla/5.0 (Macintosh; Intel Mac OS X 10_15_7) AppleWebKit/537.36 (KHTML, like Gecko) Chrome/145.0.0.0 Safari/537.36"
nginx-1  | 172.31.27.8 - - [11/Mar/2026:10:41:25 +0000] "GET /register?_rsc=rjhjl HTTP/1.1" 200 277 "http://iaos.ap-southeast-1.elasticbeanstalk.com/" "Mozilla/5.0 (Macintosh; Intel Mac OS X 10_15_7) AppleWebKit/537.36 (KHTML, like Gecko) Chrome/145.0.0.0 Safari/537.36"
nginx-1  | 172.31.27.8 - - [11/Mar/2026:10:41:25 +0000] "GET /register?_rsc=su3ji HTTP/1.1" 200 475 "http://iaos.ap-southeast-1.elasticbeanstalk.com/" "Mozilla/5.0 (Macintosh; Intel Mac OS X 10_15_7) AppleWebKit/537.36 (KHTML, like Gecko) Chrome/145.0.0.0 Safari/537.36"
web-1    | [31m[auth][error][0m UntrustedHost: Host must be trusted. URL was: http://iaos.ap-southeast-1.elasticbeanstalk.com/api/auth/session. Read more at https://errors.authjs.dev#untrustedhost
web-1    |     at /app/.next/server/chunks/[root-of-the-server]__1135a182._.js:429:51290
web-1    |     at aj (/app/.next/server/chunks/[root-of-the-server]__1135a182._.js:429:53955)
web-1    |     at process.processTicksAndRejections (node:internal/process/task_queues:95:5)
nginx-1  | 172.31.27.8 - - [11/Mar/2026:10:41:25 +0000] "GET /forgot-password?_rsc=1pn8p HTTP/1.1" 200 561 "http://iaos.ap-southeast-1.elasticbeanstalk.com/" "Mozilla/5.0 (Macintosh; Intel Mac OS X 10_15_7) AppleWebKit/537.36 (KHTML, like Gecko) Chrome/145.0.0.0 Safari/537.36"
web-1    | [31m[auth][error][0m UntrustedHost: Host must be trusted. URL was: http://iaos.ap-southeast-1.elasticbeanstalk.com/api/auth/session. Read more at https://errors.authjs.dev#untrustedhost
web-1    |     at /app/.next/server/chunks/[root-of-the-server]__1135a182._.js:429:51290
web-1    |     at aj (/app/.next/server/chunks/[root-of-the-server]__1135a182._.js:429:53955)
web-1    |     at process.processTicksAndRejections (node:internal/process/task_queues:95:5)
nginx-1  | 172.31.27.8 - - [11/Mar/2026:10:41:25 +0000] "GET /forgot-password?_rsc=18lc2 HTTP/1.1" 200 277 "http://iaos.ap-southeast-1.elasticbeanstalk.com/" "Mozilla/5.0 (Macintosh; Intel Mac OS X 10_15_7) AppleWebKit/537.36 (KHTML, like Gecko) Chrome/145.0.0.0 Safari/537.36"
web-1    | [31m[auth][error][0m UntrustedHost: Host must be trusted. URL was: http://iaos.ap-southeast-1.elasticbeanstalk.com/api/auth/session. Read more at https://errors.authjs.dev#untrustedhost
web-1    |     at /app/.next/server/chunks/[root-of-the-server]__1135a182._.js:429:51290
web-1    |     at aj (/app/.next/server/chunks/[root-of-the-server]__1135a182._.js:429:53955)
web-1    |     at process.processTicksAndRejections (node:internal/process/task_queues:95:5)
nginx-1  | 172.31.27.8 - - [11/Mar/2026:10:41:25 +0000] "GET /forgot-password?_rsc=1maje HTTP/1.1" 200 474 "http://iaos.ap-southeast-1.elasticbeanstalk.com/" "Mozilla/5.0 (Macintosh; Intel Mac OS X 10_15_7) AppleWebKit/537.36 (KHTML, like Gecko) Chrome/145.0.0.0 Safari/537.36"
nginx-1  | 172.31.27.8 - - [11/Mar/2026:10:41:25 +0000] "GET /_next/static/chunks/4d488ecfb93f8b32.js HTTP/1.1" 200 8067 "http://iaos.ap-southeast-1.elasticbeanstalk.com/" "Mozilla/5.0 (Macintosh; Intel Mac OS X 10_15_7) AppleWebKit/537.36 (KHTML, like Gecko) Chrome/145.0.0.0 Safari/537.36"
nginx-1  | 172.31.27.8 - - [11/Mar/2026:10:41:25 +0000] "GET /_next/static/chunks/d00ed752ed4a53d2.js HTTP/1.1" 200 3064 "http://iaos.ap-southeast-1.elasticbeanstalk.com/" "Mozilla/5.0 (Macintosh; Intel Mac OS X 10_15_7) AppleWebKit/537.36 (KHTML, like Gecko) Chrome/145.0.0.0 Safari/537.36"
web-1    | [31m[auth][error][0m UntrustedHost: Host must be trusted. URL was: http://172.31.76.237/api/auth/session. Read more at https://errors.authjs.dev#untrustedhost
web-1    |     at /app/.next/server/chunks/[root-of-the-server]__1135a182._.js:429:51290
web-1    |     at aj (/app/.next/server/chunks/[root-of-the-server]__1135a182._.js:429:53955)
web-1    |     at process.processTicksAndRejections (node:internal/process/task_queues:95:5)
nginx-1  | 172.31.0.62 - - [11/Mar/2026:10:41:32 +0000] "GET / HTTP/1.1" 200 3989 "-" "ELB-HealthChecker/2.0"
web-1    | [31m[auth][error][0m UntrustedHost: Host must be trusted. URL was: http://172.31.76.237/api/auth/session. Read more at https://errors.authjs.dev#untrustedhost
web-1    |     at /app/.next/server/chunks/[root-of-the-server]__1135a182._.js:429:51290
web-1    |     at aj (/app/.next/server/chunks/[root-of-the-server]__1135a182._.js:429:53955)
web-1    |     at process.processTicksAndRejections (node:internal/process/task_queues:95:5)
nginx-1  | 172.31.27.8 - - [11/Mar/2026:10:41:32 +0000] "GET / HTTP/1.1" 200 3989 "-" "ELB-HealthChecker/2.0"
web-1    | [31m[auth][error][0m UntrustedHost: Host must be trusted. URL was: http://172.31.76.237/api/auth/session. Read more at https://errors.authjs.dev#untrustedhost
web-1    |     at /app/.next/server/chunks/[root-of-the-server]__1135a182._.js:429:51290
web-1    |     at aj (/app/.next/server/chunks/[root-of-the-server]__1135a182._.js:429:53955)
web-1    |     at process.processTicksAndRejections (node:internal/process/task_queues:95:5)
nginx-1  | 172.31.35.115 - - [11/Mar/2026:10:41:32 +0000] "GET / HTTP/1.1" 200 3989 "-" "ELB-HealthChecker/2.0"
web-1    | [31m[auth][error][0m UntrustedHost: Host must be trusted. URL was: http://localhost:3000/api/auth/providers. Read more at https://errors.authjs.dev#untrustedhost
web-1    |     at /app/.next/server/chunks/_75bed62e._.js:404:51290
web-1    |     at aj (/app/.next/server/chunks/_75bed62e._.js:404:53955)
web-1    |     at process.processTicksAndRejections (node:internal/process/task_queues:95:5)
web-1    |     at async rW.do (/app/node_modules/.pnpm/next@16.1.6_@babel+core@7.29.0_babel-plugin-react-compiler@1.0.0_react-dom@19.2.3_react@19.2.3__react@19.2.3/node_modules/next/dist/compiled/next-server/app-route-turbo.runtime.prod.js:5:20169)
nginx-1  | 172.31.27.8 - - [11/Mar/2026:10:41:33 +0000] "GET /api/auth/providers HTTP/1.1" 500 119 "http://iaos.ap-southeast-1.elasticbeanstalk.com/" "Mozilla/5.0 (Macintosh; Intel Mac OS X 10_15_7) AppleWebKit/537.36 (KHTML, like Gecko) Chrome/145.0.0.0 Safari/537.36"
web-1    | [31m[auth][error][0m UntrustedHost: Host must be trusted. URL was: http://iaos.ap-southeast-1.elasticbeanstalk.com/api/auth/session. Read more at https://errors.authjs.dev#untrustedhost
web-1    |     at /app/.next/server/chunks/[root-of-the-server]__1135a182._.js:429:51290
web-1    |     at aj (/app/.next/server/chunks/[root-of-the-server]__1135a182._.js:429:53955)
web-1    |     at process.processTicksAndRejections (node:internal/process/task_queues:95:5)
web-1    | [31m[auth][error][0m UntrustedHost: Host must be trusted. URL was: http://localhost:3000/api/auth/error. Read more at https://errors.authjs.dev#untrustedhost
web-1    |     at /app/.next/server/chunks/_75bed62e._.js:404:51290
web-1    |     at aj (/app/.next/server/chunks/_75bed62e._.js:404:53955)
web-1    |     at process.processTicksAndRejections (node:internal/process/task_queues:95:5)
web-1    |     at async rW.do (/app/node_modules/.pnpm/next@16.1.6_@babel+core@7.29.0_babel-plugin-react-compiler@1.0.0_react-dom@19.2.3_react@19.2.3__react@19.2.3/node_modules/next/dist/compiled/next-server/app-route-turbo.runtime.prod.js:5:20169)
nginx-1  | 172.31.27.8 - - [11/Mar/2026:10:41:33 +0000] "GET /api/auth/error HTTP/1.1" 500 8569 "http://iaos.ap-southeast-1.elasticbeanstalk.com/" "Mozilla/5.0 (Macintosh; Intel Mac OS X 10_15_7) AppleWebKit/537.36 (KHTML, like Gecko) Chrome/145.0.0.0 Safari/537.36"
nginx-1  | 172.31.27.8 - - [11/Mar/2026:10:41:33 +0000] "GET /news?_rsc=vusbg HTTP/1.1" 200 1715 "http://iaos.ap-southeast-1.elasticbeanstalk.com/" "Mozilla/5.0 (Macintosh; Intel Mac OS X 10_15_7) AppleWebKit/537.36 (KHTML, like Gecko) Chrome/145.0.0.0 Safari/537.36"
nginx-1  | 172.31.27.8 - - [11/Mar/2026:10:41:33 +0000] "GET /favicon.ico HTTP/1.1" 200 25967 "http://iaos.ap-southeast-1.elasticbeanstalk.com/api/auth/error" "Mozilla/5.0 (Macintosh; Intel Mac OS X 10_15_7) AppleWebKit/537.36 (KHTML, like Gecko) Chrome/145.0.0.0 Safari/537.36"
web-1    | [31m[auth][error][0m UntrustedHost: Host must be trusted. URL was: http://172.31.76.237/api/auth/session. Read more at https://errors.authjs.dev#untrustedhost
web-1    |     at /app/.next/server/chunks/[root-of-the-server]__1135a182._.js:429:51290
web-1    |     at aj (/app/.next/server/chunks/[root-of-the-server]__1135a182._.js:429:53955)
web-1    |     at process.processTicksAndRejections (node:internal/process/task_queues:95:5)
nginx-1  | 172.31.0.62 - - [11/Mar/2026:10:41:47 +0000] "GET / HTTP/1.1" 200 3989 "-" "ELB-HealthChecker/2.0"
web-1    | [31m[auth][error][0m UntrustedHost: Host must be trusted. URL was: http://172.31.76.237/api/auth/session. Read more at https://errors.authjs.dev#untrustedhost
web-1    |     at /app/.next/server/chunks/[root-of-the-server]__1135a182._.js:429:51290
web-1    |     at aj (/app/.next/server/chunks/[root-of-the-server]__1135a182._.js:429:53955)
web-1    |     at process.processTicksAndRejections (node:internal/process/task_queues:95:5)
nginx-1  | 172.31.27.8 - - [11/Mar/2026:10:41:47 +0000] "GET / HTTP/1.1" 200 3989 "-" "ELB-HealthChecker/2.0"
